Archive member included to satisfy reference by file (symbol)

c:/embeded systems/interface/avr-gcc-10.1.0-x64-windows/avr-gcc-10.1.0-x64-windows/bin/../lib/gcc/avr/10.1.0/avr5\libgcc.a(_exit.o)
                              c:/embeded systems/interface/avr-gcc-10.1.0-x64-windows/avr-gcc-10.1.0-x64-windows/bin/../lib/gcc/avr/10.1.0/../../../../avr/lib/avr5/crtatmega32.o (exit)
c:/embeded systems/interface/avr-gcc-10.1.0-x64-windows/avr-gcc-10.1.0-x64-windows/bin/../lib/gcc/avr/10.1.0/../../../../avr/lib/avr5\libm.a(cmpsf2.o)
                              ./LCD.o (__ltsf2)
c:/embeded systems/interface/avr-gcc-10.1.0-x64-windows/avr-gcc-10.1.0-x64-windows/bin/../lib/gcc/avr/10.1.0/../../../../avr/lib/avr5\libm.a(fixunssfsi.o)
                              ./LCD.o (__fixunssfsi)
c:/embeded systems/interface/avr-gcc-10.1.0-x64-windows/avr-gcc-10.1.0-x64-windows/bin/../lib/gcc/avr/10.1.0/../../../../avr/lib/avr5\libm.a(fp_cmp.o)
                              c:/embeded systems/interface/avr-gcc-10.1.0-x64-windows/avr-gcc-10.1.0-x64-windows/bin/../lib/gcc/avr/10.1.0/../../../../avr/lib/avr5\libm.a(cmpsf2.o) (__fp_cmp)
c:/embeded systems/interface/avr-gcc-10.1.0-x64-windows/avr-gcc-10.1.0-x64-windows/bin/../lib/gcc/avr/10.1.0/../../../../avr/lib/avr5\libm.a(fp_split3.o)
                              c:/embeded systems/interface/avr-gcc-10.1.0-x64-windows/avr-gcc-10.1.0-x64-windows/bin/../lib/gcc/avr/10.1.0/../../../../avr/lib/avr5\libm.a(fixunssfsi.o) (__fp_splitA)
c:/embeded systems/interface/avr-gcc-10.1.0-x64-windows/avr-gcc-10.1.0-x64-windows/bin/../lib/gcc/avr/10.1.0/../../../../avr/lib/avr5\libm.a(fp_zero.o)
                              c:/embeded systems/interface/avr-gcc-10.1.0-x64-windows/avr-gcc-10.1.0-x64-windows/bin/../lib/gcc/avr/10.1.0/../../../../avr/lib/avr5\libm.a(fixunssfsi.o) (__fp_zero)
c:/embeded systems/interface/avr-gcc-10.1.0-x64-windows/avr-gcc-10.1.0-x64-windows/bin/../lib/gcc/avr/10.1.0/../../../../avr/lib/avr5\libm.a(gesf2.o)
                              ./LCD.o (__gtsf2)
c:/embeded systems/interface/avr-gcc-10.1.0-x64-windows/avr-gcc-10.1.0-x64-windows/bin/../lib/gcc/avr/10.1.0/../../../../avr/lib/avr5\libm.a(mulsf3.o)
                              ./LCD.o (__mulsf3)
c:/embeded systems/interface/avr-gcc-10.1.0-x64-windows/avr-gcc-10.1.0-x64-windows/bin/../lib/gcc/avr/10.1.0/../../../../avr/lib/avr5\libm.a(mulsf3x.o)
                              c:/embeded systems/interface/avr-gcc-10.1.0-x64-windows/avr-gcc-10.1.0-x64-windows/bin/../lib/gcc/avr/10.1.0/../../../../avr/lib/avr5\libm.a(mulsf3.o) (__mulsf3x)
c:/embeded systems/interface/avr-gcc-10.1.0-x64-windows/avr-gcc-10.1.0-x64-windows/bin/../lib/gcc/avr/10.1.0/../../../../avr/lib/avr5\libm.a(fp_inf.o)
                              c:/embeded systems/interface/avr-gcc-10.1.0-x64-windows/avr-gcc-10.1.0-x64-windows/bin/../lib/gcc/avr/10.1.0/../../../../avr/lib/avr5\libm.a(mulsf3x.o) (__fp_inf)
c:/embeded systems/interface/avr-gcc-10.1.0-x64-windows/avr-gcc-10.1.0-x64-windows/bin/../lib/gcc/avr/10.1.0/../../../../avr/lib/avr5\libm.a(fp_nan.o)
                              c:/embeded systems/interface/avr-gcc-10.1.0-x64-windows/avr-gcc-10.1.0-x64-windows/bin/../lib/gcc/avr/10.1.0/../../../../avr/lib/avr5\libm.a(mulsf3x.o) (__fp_nan)
c:/embeded systems/interface/avr-gcc-10.1.0-x64-windows/avr-gcc-10.1.0-x64-windows/bin/../lib/gcc/avr/10.1.0/../../../../avr/lib/avr5\libm.a(fp_pscA.o)
                              c:/embeded systems/interface/avr-gcc-10.1.0-x64-windows/avr-gcc-10.1.0-x64-windows/bin/../lib/gcc/avr/10.1.0/../../../../avr/lib/avr5\libm.a(mulsf3x.o) (__fp_pscA)
c:/embeded systems/interface/avr-gcc-10.1.0-x64-windows/avr-gcc-10.1.0-x64-windows/bin/../lib/gcc/avr/10.1.0/../../../../avr/lib/avr5\libm.a(fp_pscB.o)
                              c:/embeded systems/interface/avr-gcc-10.1.0-x64-windows/avr-gcc-10.1.0-x64-windows/bin/../lib/gcc/avr/10.1.0/../../../../avr/lib/avr5\libm.a(mulsf3x.o) (__fp_pscB)
c:/embeded systems/interface/avr-gcc-10.1.0-x64-windows/avr-gcc-10.1.0-x64-windows/bin/../lib/gcc/avr/10.1.0/../../../../avr/lib/avr5\libm.a(fp_round.o)
                              c:/embeded systems/interface/avr-gcc-10.1.0-x64-windows/avr-gcc-10.1.0-x64-windows/bin/../lib/gcc/avr/10.1.0/../../../../avr/lib/avr5\libm.a(mulsf3.o) (__fp_round)
c:/embeded systems/interface/avr-gcc-10.1.0-x64-windows/avr-gcc-10.1.0-x64-windows/bin/../lib/gcc/avr/10.1.0/../../../../avr/lib/avr5\libc.a(ltoa.o)
                              ./LCD.o (ltoa)
c:/embeded systems/interface/avr-gcc-10.1.0-x64-windows/avr-gcc-10.1.0-x64-windows/bin/../lib/gcc/avr/10.1.0/../../../../avr/lib/avr5\libc.a(ltoa_ncheck.o)
                              c:/embeded systems/interface/avr-gcc-10.1.0-x64-windows/avr-gcc-10.1.0-x64-windows/bin/../lib/gcc/avr/10.1.0/../../../../avr/lib/avr5\libc.a(ltoa.o) (__ltoa_ncheck)
c:/embeded systems/interface/avr-gcc-10.1.0-x64-windows/avr-gcc-10.1.0-x64-windows/bin/../lib/gcc/avr/10.1.0/../../../../avr/lib/avr5\libc.a(ultoa_ncheck.o)
                              c:/embeded systems/interface/avr-gcc-10.1.0-x64-windows/avr-gcc-10.1.0-x64-windows/bin/../lib/gcc/avr/10.1.0/../../../../avr/lib/avr5\libc.a(ltoa_ncheck.o) (__ultoa_common)
c:/embeded systems/interface/avr-gcc-10.1.0-x64-windows/avr-gcc-10.1.0-x64-windows/bin/../lib/gcc/avr/10.1.0/../../../../avr/lib/avr5\libc.a(strrev.o)
                              c:/embeded systems/interface/avr-gcc-10.1.0-x64-windows/avr-gcc-10.1.0-x64-windows/bin/../lib/gcc/avr/10.1.0/../../../../avr/lib/avr5\libc.a(ultoa_ncheck.o) (strrev)

Memory Configuration

Name             Origin             Length             Attributes
text             0x0000000000000000 0x0000000000020000 xr
data             0x0000000000800060 0x000000000000ffa0 rw !x
eeprom           0x0000000000810000 0x0000000000010000 rw !x
fuse             0x0000000000820000 0x0000000000000002 rw !x
lock             0x0000000000830000 0x0000000000000400 rw !x
signature        0x0000000000840000 0x0000000000000400 rw !x
user_signatures  0x0000000000850000 0x0000000000000400 rw !x
*default*        0x0000000000000000 0xffffffffffffffff

Linker script and memory map

LOAD c:/embeded systems/interface/avr-gcc-10.1.0-x64-windows/avr-gcc-10.1.0-x64-windows/bin/../lib/gcc/avr/10.1.0/../../../../avr/lib/avr5/crtatmega32.o
LOAD ./DIO.o
LOAD ./LCD.o
LOAD ./LED.o
LOAD ./SPI.o
LOAD ./UART.o
LOAD ./main.o
START GROUP
LOAD c:/embeded systems/interface/avr-gcc-10.1.0-x64-windows/avr-gcc-10.1.0-x64-windows/bin/../lib/gcc/avr/10.1.0/avr5\libgcc.a
LOAD c:/embeded systems/interface/avr-gcc-10.1.0-x64-windows/avr-gcc-10.1.0-x64-windows/bin/../lib/gcc/avr/10.1.0/../../../../avr/lib/avr5\libm.a
LOAD c:/embeded systems/interface/avr-gcc-10.1.0-x64-windows/avr-gcc-10.1.0-x64-windows/bin/../lib/gcc/avr/10.1.0/../../../../avr/lib/avr5\libc.a
LOAD c:/embeded systems/interface/avr-gcc-10.1.0-x64-windows/avr-gcc-10.1.0-x64-windows/bin/../lib/gcc/avr/10.1.0/../../../../avr/lib/avr5\libatmega32.a
END GROUP
                0x0000000000020000                __TEXT_REGION_LENGTH__ = DEFINED (__TEXT_REGION_LENGTH__)?__TEXT_REGION_LENGTH__:0x20000
                0x000000000000ffa0                __DATA_REGION_LENGTH__ = DEFINED (__DATA_REGION_LENGTH__)?__DATA_REGION_LENGTH__:0xffa0
                0x0000000000010000                __EEPROM_REGION_LENGTH__ = DEFINED (__EEPROM_REGION_LENGTH__)?__EEPROM_REGION_LENGTH__:0x10000
                [0x0000000000000002]                __FUSE_REGION_LENGTH__ = DEFINED (__FUSE_REGION_LENGTH__)?__FUSE_REGION_LENGTH__:0x400
                0x0000000000000400                __LOCK_REGION_LENGTH__ = DEFINED (__LOCK_REGION_LENGTH__)?__LOCK_REGION_LENGTH__:0x400
                0x0000000000000400                __SIGNATURE_REGION_LENGTH__ = DEFINED (__SIGNATURE_REGION_LENGTH__)?__SIGNATURE_REGION_LENGTH__:0x400
                0x0000000000000400                __USER_SIGNATURE_REGION_LENGTH__ = DEFINED (__USER_SIGNATURE_REGION_LENGTH__)?__USER_SIGNATURE_REGION_LENGTH__:0x400

.hash
 *(.hash)

.dynsym
 *(.dynsym)

.dynstr
 *(.dynstr)

.gnu.version
 *(.gnu.version)

.gnu.version_d
 *(.gnu.version_d)

.gnu.version_r
 *(.gnu.version_r)

.rel.init
 *(.rel.init)

.rela.init
 *(.rela.init)

.rel.text
 *(.rel.text)
 *(.rel.text.*)
 *(.rel.gnu.linkonce.t*)

.rela.text
 *(.rela.text)
 *(.rela.text.*)
 *(.rela.gnu.linkonce.t*)

.rel.fini
 *(.rel.fini)

.rela.fini
 *(.rela.fini)

.rel.rodata
 *(.rel.rodata)
 *(.rel.rodata.*)
 *(.rel.gnu.linkonce.r*)

.rela.rodata
 *(.rela.rodata)
 *(.rela.rodata.*)
 *(.rela.gnu.linkonce.r*)

.rel.data
 *(.rel.data)
 *(.rel.data.*)
 *(.rel.gnu.linkonce.d*)

.rela.data
 *(.rela.data)
 *(.rela.data.*)
 *(.rela.gnu.linkonce.d*)

.rel.ctors
 *(.rel.ctors)

.rela.ctors
 *(.rela.ctors)

.rel.dtors
 *(.rel.dtors)

.rela.dtors
 *(.rela.dtors)

.rel.got
 *(.rel.got)

.rela.got
 *(.rela.got)

.rel.bss
 *(.rel.bss)

.rela.bss
 *(.rela.bss)

.rel.plt
 *(.rel.plt)

.rela.plt
 *(.rela.plt)

.text           0x0000000000000000     0x1c64
 *(.vectors)
 .vectors       0x0000000000000000       0x54 c:/embeded systems/interface/avr-gcc-10.1.0-x64-windows/avr-gcc-10.1.0-x64-windows/bin/../lib/gcc/avr/10.1.0/../../../../avr/lib/avr5/crtatmega32.o
                0x0000000000000000                __vector_default
                0x0000000000000000                __vectors
 *(.vectors)
 *(.progmem.gcc*)
                0x0000000000000054                . = ALIGN (0x2)
                0x0000000000000054                __trampolines_start = .
 *(.trampolines)
 .trampolines   0x0000000000000054        0x0 linker stubs
 *(.trampolines*)
                0x0000000000000054                __trampolines_end = .
 *libprintf_flt.a:*(.progmem.data)
 *libc.a:*(.progmem.data)
 *(.progmem.*)
                0x0000000000000054                . = ALIGN (0x2)
 *(.lowtext)
 *(.lowtext*)
                0x0000000000000054                __ctors_start = .
 *(.ctors)
                0x0000000000000054                __ctors_end = .
                0x0000000000000054                __dtors_start = .
 *(.dtors)
                0x0000000000000054                __dtors_end = .
 SORT_BY_NAME(*)(.ctors)
 SORT_BY_NAME(*)(.dtors)
 *(.init0)
 .init0         0x0000000000000054        0x0 c:/embeded systems/interface/avr-gcc-10.1.0-x64-windows/avr-gcc-10.1.0-x64-windows/bin/../lib/gcc/avr/10.1.0/../../../../avr/lib/avr5/crtatmega32.o
                0x0000000000000054                __init
 *(.init0)
 *(.init1)
 *(.init1)
 *(.init2)
 .init2         0x0000000000000054        0xc c:/embeded systems/interface/avr-gcc-10.1.0-x64-windows/avr-gcc-10.1.0-x64-windows/bin/../lib/gcc/avr/10.1.0/../../../../avr/lib/avr5/crtatmega32.o
 *(.init2)
 *(.init3)
 *(.init3)
 *(.init4)
 *(.init4)
 *(.init5)
 *(.init5)
 *(.init6)
 *(.init6)
 *(.init7)
 *(.init7)
 *(.init8)
 *(.init8)
 *(.init9)
 .init9         0x0000000000000060        0x8 c:/embeded systems/interface/avr-gcc-10.1.0-x64-windows/avr-gcc-10.1.0-x64-windows/bin/../lib/gcc/avr/10.1.0/../../../../avr/lib/avr5/crtatmega32.o
 *(.init9)
 *(.text)
 .text          0x0000000000000068        0x4 c:/embeded systems/interface/avr-gcc-10.1.0-x64-windows/avr-gcc-10.1.0-x64-windows/bin/../lib/gcc/avr/10.1.0/../../../../avr/lib/avr5/crtatmega32.o
                0x0000000000000068                __vector_1
                0x0000000000000068                __vector_12
                0x0000000000000068                __bad_interrupt
                0x0000000000000068                __vector_6
                0x0000000000000068                __vector_3
                0x0000000000000068                __vector_11
                0x0000000000000068                __vector_13
                0x0000000000000068                __vector_17
                0x0000000000000068                __vector_19
                0x0000000000000068                __vector_7
                0x0000000000000068                __vector_5
                0x0000000000000068                __vector_4
                0x0000000000000068                __vector_9
                0x0000000000000068                __vector_2
                0x0000000000000068                __vector_15
                0x0000000000000068                __vector_8
                0x0000000000000068                __vector_14
                0x0000000000000068                __vector_10
                0x0000000000000068                __vector_16
                0x0000000000000068                __vector_18
                0x0000000000000068                __vector_20
 .text          0x000000000000006c        0x0 ./DIO.o
 .text          0x000000000000006c        0x0 ./LCD.o
 .text          0x000000000000006c        0x0 ./LED.o
 .text          0x000000000000006c        0x0 ./SPI.o
 .text          0x000000000000006c        0x0 ./UART.o
 .text          0x000000000000006c        0x0 ./main.o
 .text          0x000000000000006c        0x0 c:/embeded systems/interface/avr-gcc-10.1.0-x64-windows/avr-gcc-10.1.0-x64-windows/bin/../lib/gcc/avr/10.1.0/avr5\libgcc.a(_exit.o)
 .text          0x000000000000006c        0x0 c:/embeded systems/interface/avr-gcc-10.1.0-x64-windows/avr-gcc-10.1.0-x64-windows/bin/../lib/gcc/avr/10.1.0/../../../../avr/lib/avr5\libm.a(cmpsf2.o)
 .text          0x000000000000006c        0x0 c:/embeded systems/interface/avr-gcc-10.1.0-x64-windows/avr-gcc-10.1.0-x64-windows/bin/../lib/gcc/avr/10.1.0/../../../../avr/lib/avr5\libm.a(fixunssfsi.o)
 .text          0x000000000000006c        0x0 c:/embeded systems/interface/avr-gcc-10.1.0-x64-windows/avr-gcc-10.1.0-x64-windows/bin/../lib/gcc/avr/10.1.0/../../../../avr/lib/avr5\libm.a(fp_cmp.o)
 .text          0x000000000000006c        0x0 c:/embeded systems/interface/avr-gcc-10.1.0-x64-windows/avr-gcc-10.1.0-x64-windows/bin/../lib/gcc/avr/10.1.0/../../../../avr/lib/avr5\libm.a(fp_split3.o)
 .text          0x000000000000006c        0x0 c:/embeded systems/interface/avr-gcc-10.1.0-x64-windows/avr-gcc-10.1.0-x64-windows/bin/../lib/gcc/avr/10.1.0/../../../../avr/lib/avr5\libm.a(fp_zero.o)
 .text          0x000000000000006c        0x0 c:/embeded systems/interface/avr-gcc-10.1.0-x64-windows/avr-gcc-10.1.0-x64-windows/bin/../lib/gcc/avr/10.1.0/../../../../avr/lib/avr5\libm.a(gesf2.o)
 .text          0x000000000000006c        0x0 c:/embeded systems/interface/avr-gcc-10.1.0-x64-windows/avr-gcc-10.1.0-x64-windows/bin/../lib/gcc/avr/10.1.0/../../../../avr/lib/avr5\libm.a(mulsf3.o)
 .text          0x000000000000006c        0x0 c:/embeded systems/interface/avr-gcc-10.1.0-x64-windows/avr-gcc-10.1.0-x64-windows/bin/../lib/gcc/avr/10.1.0/../../../../avr/lib/avr5\libm.a(mulsf3x.o)
 .text          0x000000000000006c        0x0 c:/embeded systems/interface/avr-gcc-10.1.0-x64-windows/avr-gcc-10.1.0-x64-windows/bin/../lib/gcc/avr/10.1.0/../../../../avr/lib/avr5\libm.a(fp_inf.o)
 .text          0x000000000000006c        0x0 c:/embeded systems/interface/avr-gcc-10.1.0-x64-windows/avr-gcc-10.1.0-x64-windows/bin/../lib/gcc/avr/10.1.0/../../../../avr/lib/avr5\libm.a(fp_nan.o)
 .text          0x000000000000006c        0x0 c:/embeded systems/interface/avr-gcc-10.1.0-x64-windows/avr-gcc-10.1.0-x64-windows/bin/../lib/gcc/avr/10.1.0/../../../../avr/lib/avr5\libm.a(fp_pscA.o)
 .text          0x000000000000006c        0x0 c:/embeded systems/interface/avr-gcc-10.1.0-x64-windows/avr-gcc-10.1.0-x64-windows/bin/../lib/gcc/avr/10.1.0/../../../../avr/lib/avr5\libm.a(fp_pscB.o)
 .text          0x000000000000006c        0x0 c:/embeded systems/interface/avr-gcc-10.1.0-x64-windows/avr-gcc-10.1.0-x64-windows/bin/../lib/gcc/avr/10.1.0/../../../../avr/lib/avr5\libm.a(fp_round.o)
 .text          0x000000000000006c        0x0 c:/embeded systems/interface/avr-gcc-10.1.0-x64-windows/avr-gcc-10.1.0-x64-windows/bin/../lib/gcc/avr/10.1.0/../../../../avr/lib/avr5\libc.a(ltoa.o)
 .text          0x000000000000006c        0x0 c:/embeded systems/interface/avr-gcc-10.1.0-x64-windows/avr-gcc-10.1.0-x64-windows/bin/../lib/gcc/avr/10.1.0/../../../../avr/lib/avr5\libc.a(ltoa_ncheck.o)
 .text          0x000000000000006c        0x0 c:/embeded systems/interface/avr-gcc-10.1.0-x64-windows/avr-gcc-10.1.0-x64-windows/bin/../lib/gcc/avr/10.1.0/../../../../avr/lib/avr5\libc.a(ultoa_ncheck.o)
 .text          0x000000000000006c        0x0 c:/embeded systems/interface/avr-gcc-10.1.0-x64-windows/avr-gcc-10.1.0-x64-windows/bin/../lib/gcc/avr/10.1.0/../../../../avr/lib/avr5\libc.a(strrev.o)
                0x000000000000006c                . = ALIGN (0x2)
 *(.text.*)
 .text.DIO_SetPin_Direction
                0x000000000000006c      0x200 ./DIO.o
                0x000000000000006c                DIO_SetPin_Direction
 .text.DIO_SetPin_Value
                0x000000000000026c      0x200 ./DIO.o
                0x000000000000026c                DIO_SetPin_Value
 .text.DIO_TogglePin
                0x000000000000046c       0xf8 ./DIO.o
                0x000000000000046c                DIO_TogglePin
 .text.DIO_ReadPin_Value
                0x0000000000000564       0xfa ./DIO.o
                0x0000000000000564                DIO_ReadPin_Value
 .text.DIO_SetPort_Direction
                0x000000000000065e       0x72 ./DIO.o
                0x000000000000065e                DIO_SetPort_Direction
 .text.DIO_SetPort_Value
                0x00000000000006d0       0x72 ./DIO.o
                0x00000000000006d0                DIO_SetPort_Value
 .text.DIO_TogglePort
                0x0000000000000742       0x8e ./DIO.o
                0x0000000000000742                DIO_TogglePort
 .text.DIO_ReadPort_Value
                0x00000000000007d0       0x90 ./DIO.o
                0x00000000000007d0                DIO_ReadPort_Value
 .text.DIO_SetPULLUP
                0x0000000000000860       0xf8 ./DIO.o
                0x0000000000000860                DIO_SetPULLUP
 .text.LCD_Init
                0x0000000000000958      0x1b4 ./LCD.o
                0x0000000000000958                LCD_Init
 .text.LCD_Write_Command
                0x0000000000000b0c      0x460 ./LCD.o
                0x0000000000000b0c                LCD_Write_Command
 .text.LCD_Write_Data
                0x0000000000000f6c      0x460 ./LCD.o
                0x0000000000000f6c                LCD_Write_Data
 .text.LCD_Clear
                0x00000000000013cc       0x16 ./LCD.o
                0x00000000000013cc                LCD_Clear
 .text.LCD_Write_String
                0x00000000000013e2      0x170 ./LCD.o
                0x00000000000013e2                LCD_Write_String
 .text.LCD_Write_Number
                0x0000000000001552       0x5e ./LCD.o
                0x0000000000001552                LCD_Write_Number
 .text.LED0_Initialize
                0x00000000000015b0       0x1a ./LED.o
                0x00000000000015b0                LED0_Initialize
 .text.LED0_ON  0x00000000000015ca       0x1a ./LED.o
                0x00000000000015ca                LED0_ON
 .text.LED0_OFF
                0x00000000000015e4       0x1a ./LED.o
                0x00000000000015e4                LED0_OFF
 .text.LED0_TGL
                0x00000000000015fe       0x18 ./LED.o
                0x00000000000015fe                LED0_TGL
 .text.LED1_Initialize
                0x0000000000001616       0x1a ./LED.o
                0x0000000000001616                LED1_Initialize
 .text.LED1_ON  0x0000000000001630       0x1a ./LED.o
                0x0000000000001630                LED1_ON
 .text.LED1_OFF
                0x000000000000164a       0x1a ./LED.o
                0x000000000000164a                LED1_OFF
 .text.LED1_TGL
                0x0000000000001664       0x18 ./LED.o
                0x0000000000001664                LED1_TGL
 .text.LED2_Initialize
                0x000000000000167c       0x1a ./LED.o
                0x000000000000167c                LED2_Initialize
 .text.LED2_ON  0x0000000000001696       0x1a ./LED.o
                0x0000000000001696                LED2_ON
 .text.LED2_OFF
                0x00000000000016b0       0x1a ./LED.o
                0x00000000000016b0                LED2_OFF
 .text.LED2_TGL
                0x00000000000016ca       0x18 ./LED.o
                0x00000000000016ca                LED2_TGL
 .text.SPI_INIT
                0x00000000000016e2       0x7c ./SPI.o
                0x00000000000016e2                SPI_INIT
 .text.SPI_TRANSMIT
                0x000000000000175e       0x3e ./SPI.o
                0x000000000000175e                SPI_TRANSMIT
 .text.SPI_RECEIVE
                0x000000000000179c       0x46 ./SPI.o
                0x000000000000179c                SPI_RECEIVE
 .text.SPI_SLAVESELECT
                0x00000000000017e2       0x2e ./SPI.o
                0x00000000000017e2                SPI_SLAVESELECT
 .text.UART_Init
                0x0000000000001810       0x5a ./UART.o
                0x0000000000001810                UART_Init
 .text.UART_Transmit
                0x000000000000186a       0x40 ./UART.o
                0x000000000000186a                UART_Transmit
 .text.UART_Receive
                0x00000000000018aa       0x32 ./UART.o
                0x00000000000018aa                UART_Receive
 .text.UART_RECEIVE
                0x00000000000018dc       0x46 ./UART.o
                0x00000000000018dc                UART_RECEIVE
 .text.main     0x0000000000001922       0x70 ./main.o
                0x0000000000001922                main
 .text.libgcc.mul
                0x0000000000001992        0x0 c:/embeded systems/interface/avr-gcc-10.1.0-x64-windows/avr-gcc-10.1.0-x64-windows/bin/../lib/gcc/avr/10.1.0/avr5\libgcc.a(_exit.o)
 .text.libgcc.div
                0x0000000000001992        0x0 c:/embeded systems/interface/avr-gcc-10.1.0-x64-windows/avr-gcc-10.1.0-x64-windows/bin/../lib/gcc/avr/10.1.0/avr5\libgcc.a(_exit.o)
 .text.libgcc   0x0000000000001992        0x0 c:/embeded systems/interface/avr-gcc-10.1.0-x64-windows/avr-gcc-10.1.0-x64-windows/bin/../lib/gcc/avr/10.1.0/avr5\libgcc.a(_exit.o)
 .text.libgcc.prologue
                0x0000000000001992        0x0 c:/embeded systems/interface/avr-gcc-10.1.0-x64-windows/avr-gcc-10.1.0-x64-windows/bin/../lib/gcc/avr/10.1.0/avr5\libgcc.a(_exit.o)
 .text.libgcc.builtins
                0x0000000000001992        0x0 c:/embeded systems/interface/avr-gcc-10.1.0-x64-windows/avr-gcc-10.1.0-x64-windows/bin/../lib/gcc/avr/10.1.0/avr5\libgcc.a(_exit.o)
 .text.libgcc.fmul
                0x0000000000001992        0x0 c:/embeded systems/interface/avr-gcc-10.1.0-x64-windows/avr-gcc-10.1.0-x64-windows/bin/../lib/gcc/avr/10.1.0/avr5\libgcc.a(_exit.o)
 .text.libgcc.fixed
                0x0000000000001992        0x0 c:/embeded systems/interface/avr-gcc-10.1.0-x64-windows/avr-gcc-10.1.0-x64-windows/bin/../lib/gcc/avr/10.1.0/avr5\libgcc.a(_exit.o)
 .text.avr-libc.fplib
                0x0000000000001992        0xa c:/embeded systems/interface/avr-gcc-10.1.0-x64-windows/avr-gcc-10.1.0-x64-windows/bin/../lib/gcc/avr/10.1.0/../../../../avr/lib/avr5\libm.a(cmpsf2.o)
                0x0000000000001992                __nesf2
                0x0000000000001992                __eqsf2
                0x0000000000001992                __cmpsf2
                0x0000000000001992                __ltsf2
                0x0000000000001992                __lesf2
 .text.avr-libc.fplib
                0x000000000000199c       0x5e c:/embeded systems/interface/avr-gcc-10.1.0-x64-windows/avr-gcc-10.1.0-x64-windows/bin/../lib/gcc/avr/10.1.0/../../../../avr/lib/avr5\libm.a(fixunssfsi.o)
                0x000000000000199c                __fixunssfsi
 .text.avr-libc.fplib
                0x00000000000019fa       0x48 c:/embeded systems/interface/avr-gcc-10.1.0-x64-windows/avr-gcc-10.1.0-x64-windows/bin/../lib/gcc/avr/10.1.0/../../../../avr/lib/avr5\libm.a(fp_cmp.o)
                0x00000000000019fa                __fp_cmp
 .text.avr-libc.fplib
                0x0000000000001a42       0x44 c:/embeded systems/interface/avr-gcc-10.1.0-x64-windows/avr-gcc-10.1.0-x64-windows/bin/../lib/gcc/avr/10.1.0/../../../../avr/lib/avr5\libm.a(fp_split3.o)
                0x0000000000001a42                __fp_split3
                0x0000000000001a52                __fp_splitA
 .text.avr-libc.fplib
                0x0000000000001a86        0xe c:/embeded systems/interface/avr-gcc-10.1.0-x64-windows/avr-gcc-10.1.0-x64-windows/bin/../lib/gcc/avr/10.1.0/../../../../avr/lib/avr5\libm.a(fp_zero.o)
                0x0000000000001a86                __fp_zero
                0x0000000000001a88                __fp_szero
 .text.avr-libc.fplib
                0x0000000000001a94        0xa c:/embeded systems/interface/avr-gcc-10.1.0-x64-windows/avr-gcc-10.1.0-x64-windows/bin/../lib/gcc/avr/10.1.0/../../../../avr/lib/avr5\libm.a(gesf2.o)
                0x0000000000001a94                __gesf2
                0x0000000000001a94                __gtsf2
 .text.avr-libc.fplib
                0x0000000000001a9e        0x8 c:/embeded systems/interface/avr-gcc-10.1.0-x64-windows/avr-gcc-10.1.0-x64-windows/bin/../lib/gcc/avr/10.1.0/../../../../avr/lib/avr5\libm.a(mulsf3.o)
                0x0000000000001a9e                __mulsf3
 .text.avr-libc.fplib
                0x0000000000001aa6       0xd2 c:/embeded systems/interface/avr-gcc-10.1.0-x64-windows/avr-gcc-10.1.0-x64-windows/bin/../lib/gcc/avr/10.1.0/../../../../avr/lib/avr5\libm.a(mulsf3x.o)
                0x0000000000001ac4                __mulsf3x
                0x0000000000001aca                __mulsf3_pse
 .text.avr-libc.fplib
                0x0000000000001b78        0xc c:/embeded systems/interface/avr-gcc-10.1.0-x64-windows/avr-gcc-10.1.0-x64-windows/bin/../lib/gcc/avr/10.1.0/../../../../avr/lib/avr5\libm.a(fp_inf.o)
                0x0000000000001b78                __fp_inf
 .text.avr-libc.fplib
                0x0000000000001b84        0x6 c:/embeded systems/interface/avr-gcc-10.1.0-x64-windows/avr-gcc-10.1.0-x64-windows/bin/../lib/gcc/avr/10.1.0/../../../../avr/lib/avr5\libm.a(fp_nan.o)
                0x0000000000001b84                __fp_nan
 .text.avr-libc.fplib
                0x0000000000001b8a        0xe c:/embeded systems/interface/avr-gcc-10.1.0-x64-windows/avr-gcc-10.1.0-x64-windows/bin/../lib/gcc/avr/10.1.0/../../../../avr/lib/avr5\libm.a(fp_pscA.o)
                0x0000000000001b8a                __fp_pscA
 .text.avr-libc.fplib
                0x0000000000001b98        0xe c:/embeded systems/interface/avr-gcc-10.1.0-x64-windows/avr-gcc-10.1.0-x64-windows/bin/../lib/gcc/avr/10.1.0/../../../../avr/lib/avr5\libm.a(fp_pscB.o)
                0x0000000000001b98                __fp_pscB
 .text.avr-libc.fplib
                0x0000000000001ba6       0x22 c:/embeded systems/interface/avr-gcc-10.1.0-x64-windows/avr-gcc-10.1.0-x64-windows/bin/../lib/gcc/avr/10.1.0/../../../../avr/lib/avr5\libm.a(fp_round.o)
                0x0000000000001ba6                __fp_round
 .text.avr-libc
                0x0000000000001bc8       0x16 c:/embeded systems/interface/avr-gcc-10.1.0-x64-windows/avr-gcc-10.1.0-x64-windows/bin/../lib/gcc/avr/10.1.0/../../../../avr/lib/avr5\libc.a(ltoa.o)
                0x0000000000001bc8                ltoa
                0x0000000000001bc8                __ltoa
 .text.avr-libc
                0x0000000000001bde       0x1e c:/embeded systems/interface/avr-gcc-10.1.0-x64-windows/avr-gcc-10.1.0-x64-windows/bin/../lib/gcc/avr/10.1.0/../../../../avr/lib/avr5\libc.a(ltoa_ncheck.o)
                0x0000000000001bde                __ltoa_ncheck
 .text.avr-libc
                0x0000000000001bfc       0x44 c:/embeded systems/interface/avr-gcc-10.1.0-x64-windows/avr-gcc-10.1.0-x64-windows/bin/../lib/gcc/avr/10.1.0/../../../../avr/lib/avr5\libc.a(ultoa_ncheck.o)
                0x0000000000001bfc                __ultoa_ncheck
                0x0000000000001bfe                __ultoa_common
 .text.avr-libc
                0x0000000000001c40       0x20 c:/embeded systems/interface/avr-gcc-10.1.0-x64-windows/avr-gcc-10.1.0-x64-windows/bin/../lib/gcc/avr/10.1.0/../../../../avr/lib/avr5\libc.a(strrev.o)
                0x0000000000001c40                strrev
                0x0000000000001c60                . = ALIGN (0x2)
 *(.fini9)
 .fini9         0x0000000000001c60        0x0 c:/embeded systems/interface/avr-gcc-10.1.0-x64-windows/avr-gcc-10.1.0-x64-windows/bin/../lib/gcc/avr/10.1.0/avr5\libgcc.a(_exit.o)
                0x0000000000001c60                _exit
                0x0000000000001c60                exit
 *(.fini9)
 *(.fini8)
 *(.fini8)
 *(.fini7)
 *(.fini7)
 *(.fini6)
 *(.fini6)
 *(.fini5)
 *(.fini5)
 *(.fini4)
 *(.fini4)
 *(.fini3)
 *(.fini3)
 *(.fini2)
 *(.fini2)
 *(.fini1)
 *(.fini1)
 *(.fini0)
 .fini0         0x0000000000001c60        0x4 c:/embeded systems/interface/avr-gcc-10.1.0-x64-windows/avr-gcc-10.1.0-x64-windows/bin/../lib/gcc/avr/10.1.0/avr5\libgcc.a(_exit.o)
 *(.fini0)
 *(.hightext)
 *(.hightext*)
 *(.progmemx.*)
                0x0000000000001c64                . = ALIGN (0x2)
 *(.jumptables)
 *(.jumptables*)
                0x0000000000001c64                _etext = .

.data           0x0000000000800060        0x0 load address 0x0000000000001c64
                [!provide]                        PROVIDE (__data_start = .)
 *(.data)
 .data          0x0000000000800060        0x0 c:/embeded systems/interface/avr-gcc-10.1.0-x64-windows/avr-gcc-10.1.0-x64-windows/bin/../lib/gcc/avr/10.1.0/../../../../avr/lib/avr5/crtatmega32.o
 .data          0x0000000000800060        0x0 ./DIO.o
 .data          0x0000000000800060        0x0 ./LCD.o
 .data          0x0000000000800060        0x0 ./LED.o
 .data          0x0000000000800060        0x0 ./SPI.o
 .data          0x0000000000800060        0x0 ./UART.o
 .data          0x0000000000800060        0x0 ./main.o
 .data          0x0000000000800060        0x0 c:/embeded systems/interface/avr-gcc-10.1.0-x64-windows/avr-gcc-10.1.0-x64-windows/bin/../lib/gcc/avr/10.1.0/avr5\libgcc.a(_exit.o)
 .data          0x0000000000800060        0x0 c:/embeded systems/interface/avr-gcc-10.1.0-x64-windows/avr-gcc-10.1.0-x64-windows/bin/../lib/gcc/avr/10.1.0/../../../../avr/lib/avr5\libm.a(cmpsf2.o)
 .data          0x0000000000800060        0x0 c:/embeded systems/interface/avr-gcc-10.1.0-x64-windows/avr-gcc-10.1.0-x64-windows/bin/../lib/gcc/avr/10.1.0/../../../../avr/lib/avr5\libm.a(fixunssfsi.o)
 .data          0x0000000000800060        0x0 c:/embeded systems/interface/avr-gcc-10.1.0-x64-windows/avr-gcc-10.1.0-x64-windows/bin/../lib/gcc/avr/10.1.0/../../../../avr/lib/avr5\libm.a(fp_cmp.o)
 .data          0x0000000000800060        0x0 c:/embeded systems/interface/avr-gcc-10.1.0-x64-windows/avr-gcc-10.1.0-x64-windows/bin/../lib/gcc/avr/10.1.0/../../../../avr/lib/avr5\libm.a(fp_split3.o)
 .data          0x0000000000800060        0x0 c:/embeded systems/interface/avr-gcc-10.1.0-x64-windows/avr-gcc-10.1.0-x64-windows/bin/../lib/gcc/avr/10.1.0/../../../../avr/lib/avr5\libm.a(fp_zero.o)
 .data          0x0000000000800060        0x0 c:/embeded systems/interface/avr-gcc-10.1.0-x64-windows/avr-gcc-10.1.0-x64-windows/bin/../lib/gcc/avr/10.1.0/../../../../avr/lib/avr5\libm.a(gesf2.o)
 .data          0x0000000000800060        0x0 c:/embeded systems/interface/avr-gcc-10.1.0-x64-windows/avr-gcc-10.1.0-x64-windows/bin/../lib/gcc/avr/10.1.0/../../../../avr/lib/avr5\libm.a(mulsf3.o)
 .data          0x0000000000800060        0x0 c:/embeded systems/interface/avr-gcc-10.1.0-x64-windows/avr-gcc-10.1.0-x64-windows/bin/../lib/gcc/avr/10.1.0/../../../../avr/lib/avr5\libm.a(mulsf3x.o)
 .data          0x0000000000800060        0x0 c:/embeded systems/interface/avr-gcc-10.1.0-x64-windows/avr-gcc-10.1.0-x64-windows/bin/../lib/gcc/avr/10.1.0/../../../../avr/lib/avr5\libm.a(fp_inf.o)
 .data          0x0000000000800060        0x0 c:/embeded systems/interface/avr-gcc-10.1.0-x64-windows/avr-gcc-10.1.0-x64-windows/bin/../lib/gcc/avr/10.1.0/../../../../avr/lib/avr5\libm.a(fp_nan.o)
 .data          0x0000000000800060        0x0 c:/embeded systems/interface/avr-gcc-10.1.0-x64-windows/avr-gcc-10.1.0-x64-windows/bin/../lib/gcc/avr/10.1.0/../../../../avr/lib/avr5\libm.a(fp_pscA.o)
 .data          0x0000000000800060        0x0 c:/embeded systems/interface/avr-gcc-10.1.0-x64-windows/avr-gcc-10.1.0-x64-windows/bin/../lib/gcc/avr/10.1.0/../../../../avr/lib/avr5\libm.a(fp_pscB.o)
 .data          0x0000000000800060        0x0 c:/embeded systems/interface/avr-gcc-10.1.0-x64-windows/avr-gcc-10.1.0-x64-windows/bin/../lib/gcc/avr/10.1.0/../../../../avr/lib/avr5\libm.a(fp_round.o)
 .data          0x0000000000800060        0x0 c:/embeded systems/interface/avr-gcc-10.1.0-x64-windows/avr-gcc-10.1.0-x64-windows/bin/../lib/gcc/avr/10.1.0/../../../../avr/lib/avr5\libc.a(ltoa.o)
 .data          0x0000000000800060        0x0 c:/embeded systems/interface/avr-gcc-10.1.0-x64-windows/avr-gcc-10.1.0-x64-windows/bin/../lib/gcc/avr/10.1.0/../../../../avr/lib/avr5\libc.a(ltoa_ncheck.o)
 .data          0x0000000000800060        0x0 c:/embeded systems/interface/avr-gcc-10.1.0-x64-windows/avr-gcc-10.1.0-x64-windows/bin/../lib/gcc/avr/10.1.0/../../../../avr/lib/avr5\libc.a(ultoa_ncheck.o)
 .data          0x0000000000800060        0x0 c:/embeded systems/interface/avr-gcc-10.1.0-x64-windows/avr-gcc-10.1.0-x64-windows/bin/../lib/gcc/avr/10.1.0/../../../../avr/lib/avr5\libc.a(strrev.o)
 *(.data*)
 *(.gnu.linkonce.d*)
 *(.rodata)
 *(.rodata*)
 *(.gnu.linkonce.r*)
                0x0000000000800060                . = ALIGN (0x2)
                0x0000000000800060                _edata = .
                [!provide]                        PROVIDE (__data_end = .)

.bss            0x0000000000800060        0x0
                [!provide]                        PROVIDE (__bss_start = .)
 *(.bss)
 .bss           0x0000000000800060        0x0 c:/embeded systems/interface/avr-gcc-10.1.0-x64-windows/avr-gcc-10.1.0-x64-windows/bin/../lib/gcc/avr/10.1.0/../../../../avr/lib/avr5/crtatmega32.o
 .bss           0x0000000000800060        0x0 ./DIO.o
 .bss           0x0000000000800060        0x0 ./LCD.o
 .bss           0x0000000000800060        0x0 ./LED.o
 .bss           0x0000000000800060        0x0 ./SPI.o
 .bss           0x0000000000800060        0x0 ./UART.o
 .bss           0x0000000000800060        0x0 ./main.o
 .bss           0x0000000000800060        0x0 c:/embeded systems/interface/avr-gcc-10.1.0-x64-windows/avr-gcc-10.1.0-x64-windows/bin/../lib/gcc/avr/10.1.0/avr5\libgcc.a(_exit.o)
 .bss           0x0000000000800060        0x0 c:/embeded systems/interface/avr-gcc-10.1.0-x64-windows/avr-gcc-10.1.0-x64-windows/bin/../lib/gcc/avr/10.1.0/../../../../avr/lib/avr5\libm.a(cmpsf2.o)
 .bss           0x0000000000800060        0x0 c:/embeded systems/interface/avr-gcc-10.1.0-x64-windows/avr-gcc-10.1.0-x64-windows/bin/../lib/gcc/avr/10.1.0/../../../../avr/lib/avr5\libm.a(fixunssfsi.o)
 .bss           0x0000000000800060        0x0 c:/embeded systems/interface/avr-gcc-10.1.0-x64-windows/avr-gcc-10.1.0-x64-windows/bin/../lib/gcc/avr/10.1.0/../../../../avr/lib/avr5\libm.a(fp_cmp.o)
 .bss           0x0000000000800060        0x0 c:/embeded systems/interface/avr-gcc-10.1.0-x64-windows/avr-gcc-10.1.0-x64-windows/bin/../lib/gcc/avr/10.1.0/../../../../avr/lib/avr5\libm.a(fp_split3.o)
 .bss           0x0000000000800060        0x0 c:/embeded systems/interface/avr-gcc-10.1.0-x64-windows/avr-gcc-10.1.0-x64-windows/bin/../lib/gcc/avr/10.1.0/../../../../avr/lib/avr5\libm.a(fp_zero.o)
 .bss           0x0000000000800060        0x0 c:/embeded systems/interface/avr-gcc-10.1.0-x64-windows/avr-gcc-10.1.0-x64-windows/bin/../lib/gcc/avr/10.1.0/../../../../avr/lib/avr5\libm.a(gesf2.o)
 .bss           0x0000000000800060        0x0 c:/embeded systems/interface/avr-gcc-10.1.0-x64-windows/avr-gcc-10.1.0-x64-windows/bin/../lib/gcc/avr/10.1.0/../../../../avr/lib/avr5\libm.a(mulsf3.o)
 .bss           0x0000000000800060        0x0 c:/embeded systems/interface/avr-gcc-10.1.0-x64-windows/avr-gcc-10.1.0-x64-windows/bin/../lib/gcc/avr/10.1.0/../../../../avr/lib/avr5\libm.a(mulsf3x.o)
 .bss           0x0000000000800060        0x0 c:/embeded systems/interface/avr-gcc-10.1.0-x64-windows/avr-gcc-10.1.0-x64-windows/bin/../lib/gcc/avr/10.1.0/../../../../avr/lib/avr5\libm.a(fp_inf.o)
 .bss           0x0000000000800060        0x0 c:/embeded systems/interface/avr-gcc-10.1.0-x64-windows/avr-gcc-10.1.0-x64-windows/bin/../lib/gcc/avr/10.1.0/../../../../avr/lib/avr5\libm.a(fp_nan.o)
 .bss           0x0000000000800060        0x0 c:/embeded systems/interface/avr-gcc-10.1.0-x64-windows/avr-gcc-10.1.0-x64-windows/bin/../lib/gcc/avr/10.1.0/../../../../avr/lib/avr5\libm.a(fp_pscA.o)
 .bss           0x0000000000800060        0x0 c:/embeded systems/interface/avr-gcc-10.1.0-x64-windows/avr-gcc-10.1.0-x64-windows/bin/../lib/gcc/avr/10.1.0/../../../../avr/lib/avr5\libm.a(fp_pscB.o)
 .bss           0x0000000000800060        0x0 c:/embeded systems/interface/avr-gcc-10.1.0-x64-windows/avr-gcc-10.1.0-x64-windows/bin/../lib/gcc/avr/10.1.0/../../../../avr/lib/avr5\libm.a(fp_round.o)
 .bss           0x0000000000800060        0x0 c:/embeded systems/interface/avr-gcc-10.1.0-x64-windows/avr-gcc-10.1.0-x64-windows/bin/../lib/gcc/avr/10.1.0/../../../../avr/lib/avr5\libc.a(ltoa.o)
 .bss           0x0000000000800060        0x0 c:/embeded systems/interface/avr-gcc-10.1.0-x64-windows/avr-gcc-10.1.0-x64-windows/bin/../lib/gcc/avr/10.1.0/../../../../avr/lib/avr5\libc.a(ltoa_ncheck.o)
 .bss           0x0000000000800060        0x0 c:/embeded systems/interface/avr-gcc-10.1.0-x64-windows/avr-gcc-10.1.0-x64-windows/bin/../lib/gcc/avr/10.1.0/../../../../avr/lib/avr5\libc.a(ultoa_ncheck.o)
 .bss           0x0000000000800060        0x0 c:/embeded systems/interface/avr-gcc-10.1.0-x64-windows/avr-gcc-10.1.0-x64-windows/bin/../lib/gcc/avr/10.1.0/../../../../avr/lib/avr5\libc.a(strrev.o)
 *(.bss*)
 *(COMMON)
                [!provide]                        PROVIDE (__bss_end = .)
                0x0000000000001c64                __data_load_start = LOADADDR (.data)
                0x0000000000001c64                __data_load_end = (__data_load_start + SIZEOF (.data))

.noinit         0x0000000000800060        0x0
                [!provide]                        PROVIDE (__noinit_start = .)
 *(.noinit*)
                [!provide]                        PROVIDE (__noinit_end = .)
                0x0000000000800060                _end = .
                [!provide]                        PROVIDE (__heap_start = .)

.eeprom         0x0000000000810000        0x0
 *(.eeprom*)
                0x0000000000810000                __eeprom_end = .

.fuse
 *(.fuse)
 *(.lfuse)
 *(.hfuse)
 *(.efuse)

.lock
 *(.lock*)

.signature
 *(.signature*)

.stab           0x0000000000000000     0x1dac
 *(.stab)
 .stab          0x0000000000000000      0x90c ./DIO.o
 .stab          0x000000000000090c      0xc00 ./LCD.o
                                        0xc0c (size before relaxing)
 .stab          0x000000000000150c      0x270 ./LED.o
                                        0x27c (size before relaxing)
 .stab          0x000000000000177c      0x1e0 ./SPI.o
                                        0x1ec (size before relaxing)
 .stab          0x000000000000195c      0x294 ./UART.o
                                        0x2a0 (size before relaxing)
 .stab          0x0000000000001bf0      0x1bc ./main.o
                                        0x1c8 (size before relaxing)

.stabstr        0x0000000000000000      0x6ba
 *(.stabstr)
 .stabstr       0x0000000000000000      0x6ba ./DIO.o

.stab.excl
 *(.stab.excl)

.stab.exclstr
 *(.stab.exclstr)

.stab.index
 *(.stab.index)

.stab.indexstr
 *(.stab.indexstr)

.comment        0x0000000000000000       0x12
 *(.comment)
 .comment       0x0000000000000000       0x12 ./DIO.o
                                         0x13 (size before relaxing)
 .comment       0x0000000000000012       0x13 ./LCD.o
 .comment       0x0000000000000012       0x13 ./LED.o
 .comment       0x0000000000000012       0x13 ./SPI.o
 .comment       0x0000000000000012       0x13 ./UART.o
 .comment       0x0000000000000012       0x13 ./main.o

.note.gnu.avr.deviceinfo
                0x0000000000000000       0x3c
 .note.gnu.avr.deviceinfo
                0x0000000000000000       0x3c c:/embeded systems/interface/avr-gcc-10.1.0-x64-windows/avr-gcc-10.1.0-x64-windows/bin/../lib/gcc/avr/10.1.0/../../../../avr/lib/avr5/crtatmega32.o

.note.gnu.build-id
 *(.note.gnu.build-id)

.debug
 *(.debug)

.line
 *(.line)

.debug_srcinfo
 *(.debug_srcinfo)

.debug_sfnames
 *(.debug_sfnames)

.debug_aranges  0x0000000000000000       0x20
 *(.debug_aranges)
 .debug_aranges
                0x0000000000000000       0x20 c:/embeded systems/interface/avr-gcc-10.1.0-x64-windows/avr-gcc-10.1.0-x64-windows/bin/../lib/gcc/avr/10.1.0/avr5\libgcc.a(_exit.o)

.debug_pubnames
 *(.debug_pubnames)

.debug_info     0x0000000000000000      0x50c
 *(.debug_info .gnu.linkonce.wi.*)
 .debug_info    0x0000000000000000      0x4e6 c:/embeded systems/interface/avr-gcc-10.1.0-x64-windows/avr-gcc-10.1.0-x64-windows/bin/../lib/gcc/avr/10.1.0/../../../../avr/lib/avr5/crtatmega32.o
 .debug_info    0x00000000000004e6       0x26 c:/embeded systems/interface/avr-gcc-10.1.0-x64-windows/avr-gcc-10.1.0-x64-windows/bin/../lib/gcc/avr/10.1.0/avr5\libgcc.a(_exit.o)

.debug_abbrev   0x0000000000000000      0x4b7
 *(.debug_abbrev)
 .debug_abbrev  0x0000000000000000      0x4a3 c:/embeded systems/interface/avr-gcc-10.1.0-x64-windows/avr-gcc-10.1.0-x64-windows/bin/../lib/gcc/avr/10.1.0/../../../../avr/lib/avr5/crtatmega32.o
 .debug_abbrev  0x00000000000004a3       0x14 c:/embeded systems/interface/avr-gcc-10.1.0-x64-windows/avr-gcc-10.1.0-x64-windows/bin/../lib/gcc/avr/10.1.0/avr5\libgcc.a(_exit.o)

.debug_line     0x0000000000000000       0x7e
 *(.debug_line .debug_line.* .debug_line_end)
 .debug_line    0x0000000000000000       0x1d c:/embeded systems/interface/avr-gcc-10.1.0-x64-windows/avr-gcc-10.1.0-x64-windows/bin/../lib/gcc/avr/10.1.0/../../../../avr/lib/avr5/crtatmega32.o
 .debug_line    0x000000000000001d       0x61 c:/embeded systems/interface/avr-gcc-10.1.0-x64-windows/avr-gcc-10.1.0-x64-windows/bin/../lib/gcc/avr/10.1.0/avr5\libgcc.a(_exit.o)

.debug_frame
 *(.debug_frame)

.debug_str      0x0000000000000000      0x1f8
 *(.debug_str)
 .debug_str     0x0000000000000000      0x199 c:/embeded systems/interface/avr-gcc-10.1.0-x64-windows/avr-gcc-10.1.0-x64-windows/bin/../lib/gcc/avr/10.1.0/../../../../avr/lib/avr5/crtatmega32.o
 .debug_str     0x0000000000000199       0x5f c:/embeded systems/interface/avr-gcc-10.1.0-x64-windows/avr-gcc-10.1.0-x64-windows/bin/../lib/gcc/avr/10.1.0/avr5\libgcc.a(_exit.o)

.debug_loc
 *(.debug_loc)

.debug_macinfo
 *(.debug_macinfo)

.debug_weaknames
 *(.debug_weaknames)

.debug_funcnames
 *(.debug_funcnames)

.debug_typenames
 *(.debug_typenames)

.debug_varnames
 *(.debug_varnames)

.debug_pubtypes
 *(.debug_pubtypes)

.debug_ranges
 *(.debug_ranges)

.debug_macro
 *(.debug_macro)

.debug_addr
 *(.debug_addr)
OUTPUT(Mic2.elf elf32-avr)
LOAD linker stubs
